\BOOKMARK [1][-]{section.1}{\376\377\000K\000o\000n\000v\000e\000r\000t\000i\000e\000r\000u\000n\000g\000\040\000v\000o\000n\000\040\000M\000u\000s\000i\000k\000\040\000i\000n\000\040\000M\000a\000s\000c\000h\000i\000n\000e\000n\000l\000e\000s\000b\000a\000r\000e\000\040\000D\000a\000t\000e\000n}{}% 1
\BOOKMARK [1][-]{section.2}{\376\377\000K\000o\000m\000p\000n\000i\000s\000t\000e\000n\000k\000l\000a\000s\000s\000i\000f\000i\000k\000a\000t\000i\000o\000n}{}% 2
\BOOKMARK [2][-]{subsection.2.1}{\376\377\000P\000r\000e\000p\000r\000o\000c\000e\000s\000s\000i\000n\000g}{section.2}% 3
\BOOKMARK [2][-]{subsection.2.2}{\376\377\000K\000l\000a\000s\000s\000i\000f\000i\000k\000a\000t\000i\000o\000n\000\040\000m\000i\000t\000\040\000R\000a\000n\000d\000o\000m\000F\000o\000r\000e\000s\000t\000C\000l\000a\000s\000s\000i\000f\000i\000e\000r}{section.2}% 4
\BOOKMARK [3][-]{subsubsection.2.2.1}{\376\377\000E\000r\000s\000t\000e\000r\000\040\000V\000e\000r\000s\000u\000c\000h}{subsection.2.2}% 5
\BOOKMARK [3][-]{subsubsection.2.2.2}{\376\377\000M\000o\000d\000e\000l\000l\000\040\000z\000u\000r\000\040\000K\000l\000a\000s\000s\000s\000i\000f\000i\000z\000i\000e\000r\000u\000n\000g\000\040\000i\000n\000\040\000d\000i\000e\000\040\000E\000p\000o\000c\000h\000e\000n}{subsection.2.2}% 6
\BOOKMARK [3][-]{subsubsection.2.2.3}{\376\377\000M\000o\000d\000e\000l\000l\000e\000\040\000z\000u\000m\000\040\000K\000l\000a\000s\000s\000i\000f\000i\000z\000i\000e\000r\000e\000n\000\040\000i\000n\000n\000e\000r\000h\000a\000l\000b\000\040\000d\000e\000r\000\040\000e\000i\000n\000z\000e\000l\000n\000e\000n\000\040\000E\000p\000o\000c\000h\000e\000n}{subsection.2.2}% 7
\BOOKMARK [3][-]{subsubsection.2.2.4}{\376\377\000V\000e\000r\000b\000i\000n\000d\000e\000n\000\040\000d\000e\000r\000\040\000M\000o\000d\000e\000l\000l\000e}{subsection.2.2}% 8
\BOOKMARK [2][-]{subsection.2.3}{\376\377\000K\000l\000a\000s\000s\000i\000f\000i\000z\000i\000e\000r\000e\000n\000\040\000m\000i\000t\000t\000e\000l\000s\000\040\000S\000u\000p\000p\000o\000r\000t\000\040\000V\000e\000c\000t\000o\000r\000\040\000C\000l\000a\000s\000s\000i\000f\000i\000c\000a\000t\000i\000o\000n\000\040\000\050\000S\000C\000V\000\051}{section.2}% 9
\BOOKMARK [1][-]{section.3}{\376\377\000M\000u\000s\000i\000k\000g\000e\000n\000e\000r\000i\000e\000r\000u\000n\000g}{}% 10
\BOOKMARK [2][-]{subsection.3.1}{\376\377\000M\000u\000s\000i\000k\000g\000e\000n\000e\000r\000i\000e\000r\000u\000n\000g\000\040\000m\000i\000t\000\040\000R\000e\000c\000u\000r\000r\000e\000n\000t\000\040\000N\000e\000u\000r\000a\000l\000\040\000N\000e\000t\000w\000o\000r\000k\000s}{section.3}% 11
\BOOKMARK [3][-]{subsubsection.3.1.1}{\376\377\000P\000r\000e\000p\000r\000o\000c\000e\000s\000s\000i\000n\000g}{subsection.3.1}% 12
\BOOKMARK [3][-]{subsubsection.3.1.2}{\376\377\000G\000r\000u\000n\000d\000l\000e\000g\000e\000n\000d\000e\000\040\000F\000u\000n\000k\000t\000i\000o\000n\000w\000e\000i\000s\000e}{subsection.3.1}% 13
\BOOKMARK [3][-]{subsubsection.3.1.3}{\376\377\000E\000i\000n\000\040\000e\000r\000s\000t\000e\000r\000\040\000V\000e\000r\000s\000u\000c\000h}{subsection.3.1}% 14
\BOOKMARK [3][-]{subsubsection.3.1.4}{\376\377\000Z\000w\000e\000i\000t\000e\000r\000\040\000V\000e\000r\000s\000u\000c\000h\000\040\000m\000i\000t\000\040\000N\000=\0001}{subsection.3.1}% 15
\BOOKMARK [3][-]{subsubsection.3.1.5}{\376\377\000E\000i\000n\000e\000\040\000n\000e\000u\000e\000\040\000L\000o\000s\000s\000\040\000F\000u\000n\000k\000t\000i\000o\000n}{subsection.3.1}% 16
\BOOKMARK [2][-]{subsection.3.2}{\376\377\000M\000u\000s\000i\000k\000g\000e\000n\000e\000r\000i\000e\000r\000u\000n\000g\000\040\000m\000i\000t\000\040\000T\000r\000a\000n\000s\000f\000o\000r\000m\000e\000r\000n}{section.3}% 17
\BOOKMARK [3][-]{subsubsection.3.2.1}{\376\377\000P\000r\000e\000p\000r\000o\000c\000e\000s\000s\000i\000n\000g}{subsection.3.2}% 18
\BOOKMARK [3][-]{subsubsection.3.2.2}{\376\377\000M\000u\000s\000i\000k\000g\000e\000n\000e\000r\000i\000e\000r\000u\000n\000g\000\040\000m\000i\000t\000\040\000T\000r\000a\000n\000s\000f\000o\000r\000m\000e\000r\000n}{subsection.3.2}% 19
\BOOKMARK [3][-]{subsubsection.3.2.3}{\376\377\000D\000i\000e\000\040\000g\000r\000u\000n\000d\000l\000e\000g\000e\000n\000d\000e\000\040\000T\000r\000a\000n\000s\000f\000o\000r\000m\000e\000r\000-\000A\000r\000c\000h\000i\000t\000e\000k\000t\000u\000r}{subsection.3.2}% 20
\BOOKMARK [3][-]{subsubsection.3.2.4}{\376\377\000E\000i\000n\000\040\000e\000r\000s\000t\000e\000r\000\040\000V\000e\000r\000s\000u\000c\000h}{subsection.3.2}% 21
\BOOKMARK [3][-]{subsubsection.3.2.5}{\376\377\000E\000i\000n\000\040\000a\000l\000t\000e\000r\000\040\000B\000e\000k\000a\000n\000n\000t\000e\000r}{subsection.3.2}% 22
\BOOKMARK [3][-]{subsubsection.3.2.6}{\376\377\000E\000i\000n\000\040\000V\000e\000r\000s\000u\000c\000h\000\040\000v\000o\000n\000\040\000D\000a\000t\000a\000-\000A\000u\000g\000m\000e\000n\000t\000a\000t\000i\000o\000n}{subsection.3.2}% 23
\BOOKMARK [3][-]{subsubsection.3.2.7}{\376\377\000B\000e\000n\000c\000h\000m\000a\000r\000k\000i\000n\000g}{subsection.3.2}% 24
\BOOKMARK [1][-]{section*.23}{\376\377\000Q\000u\000e\000l\000l\000e\000n}{}% 25
